---
namespace: Compile
expectation: Pass
outputs:
  - - initial_symbol_table: a5f56d9140369710d2616f22e72769b4ce4786e6b3cadd3eaa7301dd486c160b
      type_checked_symbol_table: e35e7c6ab49ed308a4cb758f407532677f9176ed232b34f2c49fb58634d7c979
      unrolled_symbol_table: e35e7c6ab49ed308a4cb758f407532677f9176ed232b34f2c49fb58634d7c979
      initial_ast: cdcff30ebd579d66eb65e749311f1fa50d69db5351224855a08941dd7e0ca093
      unrolled_ast: cdcff30ebd579d66eb65e749311f1fa50d69db5351224855a08941dd7e0ca093
      ssa_ast: c027b1a7fe25db20b923ccbd4d3fedbb3bad645b1746610fd92a8d7b0b2ac407
      flattened_ast: 45321360450b73f1a17bcc6754887760079809066f89b7f041f8f255b6acf755
      inlined_ast: 45321360450b73f1a17bcc6754887760079809066f89b7f041f8f255b6acf755
      dce_ast: 45321360450b73f1a17bcc6754887760079809066f89b7f041f8f255b6acf755
      bytecode: 041ad04237619df46380596339019563fc1d330a7e3792a3d856e4b600e8501e
      warnings: ""
