namespace: Parse
expectation: Fail
outputs:
- |-
  Error [EPAR0370009]: unexpected string: expected 'identifier', found ';'
      --> test:3:9
       |
     3 | circuit ;
       |         ^
