---
namespace: Compile
expectation: Pass
outputs:
  - - initial_symbol_table: 077422b93c97f7cd8a28ff1ba7bbe58e07c4b7887304c46d35eb5ac6bf23c972
      type_checked_symbol_table: 5f860d2de9a0608ecbc70179a65c645cd622701fee49e955c77387fa225b01a1
      unrolled_symbol_table: 5f860d2de9a0608ecbc70179a65c645cd622701fee49e955c77387fa225b01a1
      initial_ast: 8bb96f3255cfae375ab27c52af5c5640ee2069875641c893b15e2a3399d0795e
      unrolled_ast: 8bb96f3255cfae375ab27c52af5c5640ee2069875641c893b15e2a3399d0795e
      ssa_ast: 7102fb333a835ccb4b79ff2c486f5481d3b3177808e43d60b032d9d85416bdb2
      flattened_ast: 8d3727751f9a1e48d1eee709f1ab74ef8d2449998e624fb9cfe7bca5c00812ad
      inlined_ast: 8d3727751f9a1e48d1eee709f1ab74ef8d2449998e624fb9cfe7bca5c00812ad
      dce_ast: 3b251f59051ce9914e43a2ff03d18419d8fe74870bf4e8592ab1ea03bf484677
      bytecode: 324982aeedb7f0eb194a3744384b562834062c95c62d9007a74ec8e2a5612c4e
      warnings: ""
