namespace: Parse
expectation: Fail
outputs:
- |-
  Error [EPAR0370005]: expected 'function', 'circuit', 'test' -- found '1'
      --> test:3:1
       |
     3 | 1 main() {}
       | ^
