---
namespace: Compile
expectation: Pass
outputs:
  - circuit:
      num_public_variables: 0
      num_private_variables: 66
      num_constraints: 66
      at: 31de4c354f0fffe290403b67743a9fbdc4e9ed03a9abb79b71e63bcf00796c41
      bt: 523d72d379751dfd98c35c368e92ffe62ebcfa139e2c95a7ec2f0bd64031d807
      ct: b522ae835602f418c223e8987424c0b34eda5bcb4a51d511fdeba8fd8f653e5b
    ir:
      - "decl f0: <0>"
      - "  store &v1, ((v0), (), (), ())"
      - "  ne &v5, v2, v3"
      - "  eq &v6, v5, v4"
      - "  retn v6"
      - ""
    output:
      - input_file: ne.in
        output:
          registers:
            r0:
              type: bool
              value: "true"
    initial_ast: ac7868e2b7e8513f2828a722ced2780d8b416f3d568855c9186d4ddfaf98335a
    imports_resolved_ast: f376edea71aff6a897b2c2fbb5667573fa8e494941b5c46e2bfce932c80012ec
    canonicalized_ast: f376edea71aff6a897b2c2fbb5667573fa8e494941b5c46e2bfce932c80012ec
    type_inferenced_ast: b3f5fd266262dc698f668420135d953c7d1cc313a45ed0fc365c5919926e14c4
