---
namespace: Compile
expectation: Pass
outputs:
  - circuit:
      num_public_variables: 0
      num_private_variables: 2
      num_constraints: 2
      at: 401937c524c61a28b4fab76d7a1f85bb628850012af62362a0922610372faf92
      bt: cdf9a9cee4f2edf55111a95ae60bde9801080f6bde638a5c79273a39a2f9f7f5
      ct: 643d5437104296e21d906ecb15b2c96ad278f20cfc4af53b12bb6069bd853726
    ir:
      - "decl f0: <0>"
      - "  store &v1, ((v0), (), (), ())"
      - "  store &v3, 340282366920938463463374607431768211455"
      - "  eq &v4, v2, true"
      - "  retn v4"
      - ""
    output:
      - input_file: "../input/dummy.in"
        output:
          registers:
            r0:
              type: bool
              value: "true"
    initial_ast: eb227b151672407f704b79a5eb43c2943c1c635f787fc2226c8ddf424c1339d8
    imports_resolved_ast: 0a433cdaaec92f2a215f9345fae964824e62c2f915dc560a11a3bc0d29a77ee5
    canonicalized_ast: 0a433cdaaec92f2a215f9345fae964824e62c2f915dc560a11a3bc0d29a77ee5
    type_inferenced_ast: 13b58a12ecaa4e3e28bee6649165fb75395a75361b78281ec39dbe37e92fabcd
