---
namespace: ParseExpression
expectation: Pass
outputs:
  - Unary:
      receiver:
        Identifier: "{\"name\":\"x\",\"span\":\"{\\\"lo\\\":1,\\\"hi\\\":2}\"}"
      op: Negate
      span:
        lo: 0
        hi: 2
  - Unary:
      receiver:
        Call:
          function:
            Identifier: "{\"name\":\"x\",\"span\":\"{\\\"lo\\\":1,\\\"hi\\\":2}\"}"
          arguments: []
          external: ~
          span:
            lo: 1
            hi: 4
      op: Negate
      span:
        lo: 0
        hi: 4
  - Unary:
      receiver:
        Unary:
          receiver:
            Identifier: "{\"name\":\"x\",\"span\":\"{\\\"lo\\\":2,\\\"hi\\\":3}\"}"
          op: Negate
          span:
            lo: 1
            hi: 3
      op: Negate
      span:
        lo: 0
        hi: 3
  - Unary:
      receiver:
        Unary:
          receiver:
            Identifier: "{\"name\":\"x\",\"span\":\"{\\\"lo\\\":2,\\\"hi\\\":3}\"}"
          op: Not
          span:
            lo: 1
            hi: 3
      op: Negate
      span:
        lo: 0
        hi: 3
  - Literal:
      Integer:
        - I8
        - "-5"
        - span:
            lo: 0
            hi: 4
  - Literal:
      Integer:
        - I8
        - "-128"
        - span:
            lo: 0
            hi: 6
  - Literal:
      Integer:
        - I8
        - "-128"
        - span:
            lo: 0
            hi: 7
  - Unary:
      receiver:
        Identifier: "{\"name\":\"x\",\"span\":\"{\\\"lo\\\":0,\\\"hi\\\":1}\"}"
      op: Negate
      span:
        lo: 0
        hi: 7
  - Unary:
      receiver:
        Unary:
          receiver:
            Unary:
              receiver:
                Identifier: "{\"name\":\"x\",\"span\":\"{\\\"lo\\\":0,\\\"hi\\\":1}\"}"
              op: Negate
              span:
                lo: 0
                hi: 7
          op: Negate
          span:
            lo: 0
            hi: 13
      op: Negate
      span:
        lo: 0
        hi: 19
  - Unary:
      receiver:
        Unary:
          receiver:
            Identifier: "{\"name\":\"x\",\"span\":\"{\\\"lo\\\":1,\\\"hi\\\":2}\"}"
          op: Negate
          span:
            lo: 1
            hi: 8
      op: Negate
      span:
        lo: 0
        hi: 8
  - Unary:
      receiver:
        Unary:
          receiver:
            Identifier: "{\"name\":\"x\",\"span\":\"{\\\"lo\\\":2,\\\"hi\\\":3}\"}"
          op: Negate
          span:
            lo: 1
            hi: 3
      op: Negate
      span:
        lo: 1
        hi: 10
  - Unary:
      receiver:
        Unary:
          receiver:
            Identifier: "{\"name\":\"x\",\"span\":\"{\\\"lo\\\":2,\\\"hi\\\":3}\"}"
          op: Negate
          span:
            lo: 2
            hi: 9
      op: Negate
      span:
        lo: 0
        hi: 9
  - Unary:
      receiver:
        Unary:
          receiver:
            Unary:
              receiver:
                Identifier: "{\"name\":\"x\",\"span\":\"{\\\"lo\\\":2,\\\"hi\\\":3}\"}"
              op: Negate
              span:
                lo: 2
                hi: 9
          op: Negate
          span:
            lo: 1
            hi: 9
      op: Negate
      span:
        lo: 1
        hi: 16
  - Unary:
      receiver:
        Unary:
          receiver:
            Identifier: "{\"name\":\"x\",\"span\":\"{\\\"lo\\\":1,\\\"hi\\\":2}\"}"
          op: Negate
          span:
            lo: 1
            hi: 8
      op: Not
      span:
        lo: 0
        hi: 8
  - Unary:
      receiver:
        Unary:
          receiver:
            Identifier: "{\"name\":\"x\",\"span\":\"{\\\"lo\\\":2,\\\"hi\\\":3}\"}"
          op: Not
          span:
            lo: 1
            hi: 3
      op: Negate
      span:
        lo: 1
        hi: 10
  - Unary:
      receiver:
        Unary:
          receiver:
            Identifier: "{\"name\":\"x\",\"span\":\"{\\\"lo\\\":2,\\\"hi\\\":3}\"}"
          op: Negate
          span:
            lo: 2
            hi: 9
      op: Not
      span:
        lo: 0
        hi: 9
  - Unary:
      receiver:
        Unary:
          receiver:
            Unary:
              receiver:
                Identifier: "{\"name\":\"x\",\"span\":\"{\\\"lo\\\":2,\\\"hi\\\":3}\"}"
              op: Negate
              span:
                lo: 2
                hi: 9
          op: Not
          span:
            lo: 1
            hi: 9
      op: Negate
      span:
        lo: 1
        hi: 16
