---
namespace: Compile
expectation: Pass
outputs:
  - circuit:
      num_public_variables: 0
      num_private_variables: 114
      num_constraints: 114
      at: 4d1b1a35e50bafb5d4dce22ff150bb84533d9271a10683c82c4a9af7bb7a9b68
      bt: ab05975054ad7ac3da170ffbff7b71ce84d40d4da6c9377b4679efbb8ff83d86
      ct: 1e1930b0bfcd18365697cc1922dc88913f6dcbdc4dc9ed5cf6c7d5369433f722
    ir:
      - "decl f0: <0>"
      - "  store &v1, ((v0), (), (), ())"
      - "  le &v5, v2, v3"
      - "  eq &v6, v5, v4"
      - "  retn v6"
      - ""
    output:
      - input_file: i16_l.in
        output:
          registers:
            r0:
              type: bool
              value: "true"
      - input_file: i16_e.in
        output:
          registers:
            r0:
              type: bool
              value: "true"
    initial_ast: f88584dc5972b47adff02db485e2ed1cbd0543920b8bddc81825f78858abe7c8
    imports_resolved_ast: aff8e32cea55a795d5cb6e75ac699d64b8efbf8b56b05c426fb9a02d39cab638
    canonicalized_ast: aff8e32cea55a795d5cb6e75ac699d64b8efbf8b56b05c426fb9a02d39cab638
    type_inferenced_ast: e56aed4642b5ef4a01fd4c081a84f5fc375e5729abbc8dd7a1445bff7294799f
