---
namespace: Compile
expectation: Pass
outputs:
  - - initial_symbol_table: 1fd0cc9d0de6a4a2f7dd6e3121cc5d7d635ac2d6bc447187d6c649f0d82ca267
      type_checked_symbol_table: f9d62dee5604ba02b4e562c5eec5970479f7f44d87c18f7774080cc713feb73a
      unrolled_symbol_table: f9d62dee5604ba02b4e562c5eec5970479f7f44d87c18f7774080cc713feb73a
      initial_ast: 761b314018d4fe7659f8e40e4ed68fbaa18fbd3ac614924f26f0d1782ad96ce3
      unrolled_ast: 761b314018d4fe7659f8e40e4ed68fbaa18fbd3ac614924f26f0d1782ad96ce3
      ssa_ast: 36c61afd2de11ffdae25945f6ed03733e88d642366955cbb93d51b55e7e42ebf
      flattened_ast: d52a05b88eb9f271332e233d64adf790125a4f99b68bf42617d8518bcd035224
      inlined_ast: d52a05b88eb9f271332e233d64adf790125a4f99b68bf42617d8518bcd035224
      dce_ast: d52a05b88eb9f271332e233d64adf790125a4f99b68bf42617d8518bcd035224
      bytecode: 56e6953042e8cf528010b3706c59f9240a38c0e4537f2bcedb790d17e0595327
      warnings: ""
