---
namespace: Compile
expectation: Pass
outputs:
  - - initial_symbol_table: 7d3e81836aac05a2a6db39e7ec14faec547577c597f679d9dbac20397151355c
      type_checked_symbol_table: f07cd29832076504537fcecac318aa3b8c3fb7c3247ce5e3e9181fdccce5449a
      unrolled_symbol_table: f07cd29832076504537fcecac318aa3b8c3fb7c3247ce5e3e9181fdccce5449a
      initial_ast: b5a69bcbc1d8b1e8382d2a734048f535a762a11ce53972204e01e411ff0a62e6
      unrolled_ast: b5a69bcbc1d8b1e8382d2a734048f535a762a11ce53972204e01e411ff0a62e6
      ssa_ast: 5ed986862afd5a6a691fed724a00b1681777ce92173a23bd7c4922199ed8758e
      flattened_ast: 3450f23f5c8a971017ebae0b71593c80bc82e21e8c9f67638dc545ddc516c4d6
      inlined_ast: 3450f23f5c8a971017ebae0b71593c80bc82e21e8c9f67638dc545ddc516c4d6
      dce_ast: 3450f23f5c8a971017ebae0b71593c80bc82e21e8c9f67638dc545ddc516c4d6
      bytecode: eb8fb8c25730005f5c6c14d190313c0bee2ae389d6295686dd1867663fc93f67
      warnings: ""
