---
namespace: Compile
expectation: Pass
outputs:
  - output:
      - initial_input_ast: a30505e4422e13fcbf395f44b70bfd5fbe3a59c5328814405df5cfeaab639d55
    initial_ast: 51bee86cfd13ccdadfc8e7a107931669aa8b2aa31b544b8f5503562c4d21df56
    unrolled_ast: 51bee86cfd13ccdadfc8e7a107931669aa8b2aa31b544b8f5503562c4d21df56
    ssa_ast: f5f80624539e00f53712cd5d50b7f5518d2fba21e0156d18652bea1e0330350e
    flattened_ast: d3cd4422f4864509a4813e8cc7174e9e091c653177f97a5067bdb05c6a1d5fe0
