---
namespace: Compile
expectation: Pass
outputs:
  - - initial_symbol_table: 1f96df1e414fd96505a23c658692de40614d28804ebeaeafc90835f4087c91cc
      type_checked_symbol_table: aaaec423b2c439b4857751e7dec72e29fbe3cf863753d6f21e52c9d0f5e98558
      unrolled_symbol_table: aaaec423b2c439b4857751e7dec72e29fbe3cf863753d6f21e52c9d0f5e98558
      initial_ast: 12d238e7fd0a5cbfe76ecc437f5057a77d0ea1e2ace8fc6012745882a34e4d24
      unrolled_ast: 12d238e7fd0a5cbfe76ecc437f5057a77d0ea1e2ace8fc6012745882a34e4d24
      ssa_ast: cd015fe8cd4cdfc897d9a06827b49a8eb017ba309f5ec0c6063247112585f592
      flattened_ast: 9bcadf54b5fceb987a46fd5dcbf48c99af3249ca1b1fa9c1871076c11536b80c
      inlined_ast: 9bcadf54b5fceb987a46fd5dcbf48c99af3249ca1b1fa9c1871076c11536b80c
      dce_ast: 60e18de35dccbeeb991d8e5f945706c26986c4df34ea0050daee4c236e873bca
      bytecode: 03845ec2f54d49f71640659603ead8f68ad067a15fda438e5e13524777d1559b
      warnings: ""
