---
namespace: Compile
expectation: Pass
outputs:
  - - initial_symbol_table: 153a795540b8f3c7493d172c26485bd4ca9ff174a66ddb976f5e64d5d1c5bd3e
      type_checked_symbol_table: 05a0d73522a23d8054744e861cb6919de7e0240ffd2c245be7c36ffa6555417c
      unrolled_symbol_table: 05a0d73522a23d8054744e861cb6919de7e0240ffd2c245be7c36ffa6555417c
      initial_ast: 125284613d28751d9b3b40d8e09aff7b46d67d50a6d82fc482091e977f2da7a7
      unrolled_ast: 125284613d28751d9b3b40d8e09aff7b46d67d50a6d82fc482091e977f2da7a7
      ssa_ast: f228243c338cb6d221e2cc4497eeac51bd5c700995c301b9384c8a16487abae3
      flattened_ast: b4e6c681c230fcabf9882bfb1653cf10ccd944724590ef3f85d53553b898a225
      inlined_ast: 32c10ce33a3c5e263925597c96037505cf7647c5b2eace83dd17f78baa521b92
      dce_ast: 32c10ce33a3c5e263925597c96037505cf7647c5b2eace83dd17f78baa521b92
      bytecode: 0d572a58b3609a5835754184c0d7b55b9bb11b101a11a1be25546a212a668e25
      warnings: ""
