---
namespace: Compile
expectation: Pass
outputs:
  - circuit:
      num_public_variables: 0
      num_private_variables: 58
      num_constraints: 58
      at: e8182c2323c206897ac38d11511879d8ebc9239b25811b95a3e52aef8b1c6a8f
      bt: 0a2e97c7d5440c23fbaacae9cd4b5280527d0db0c58e0bc360102f7c1629df48
      ct: 01bde22d4fb741f6f8503007d771bd8b644fa36dbe2a667827e6766a2b461546
    ir:
      - "decl f0: <0>"
      - "  store &v1, ((v0), (), (), ())"
      - "  lt &v5, v2, v3"
      - "  eq &v6, v5, v4"
      - "  retn v6"
      - ""
    output:
      - input_file: i8_l.in
        output:
          registers:
            r0:
              type: bool
              value: "true"
      - input_file: i8_e.in
        output:
          registers:
            r0:
              type: bool
              value: "true"
    initial_ast: 57e9e6349d8d717b6a7a4244131b7858498a32af6133045833cb036eba847a18
    imports_resolved_ast: b4863dc8da140ce4b7b69b31f69efc5dd399b0cd3f04a08c80aa59ea24aefa65
    canonicalized_ast: b4863dc8da140ce4b7b69b31f69efc5dd399b0cd3f04a08c80aa59ea24aefa65
    type_inferenced_ast: 987d0de4baca01d6198547ac730cca2bbc1ac60369930334ef1b58730ecd1596
