---
namespace: Compile
expectation: Fail
outputs:
  - "Error [ETYC0372008]: The value -1 is not a valid `u16`\n    --> compiler-test:5:24\n     |\n   5 |         const a: u16 = -1u16;\n     |                        ^^^^^\n"
