---
namespace: Compile
expectation: Pass
outputs:
  - - initial_symbol_table: 9de9a9614bae9e392c40cbe50c32763866d8facbe3b7b0e618c773c9c1e2452b
      type_checked_symbol_table: 0c70472fb21893662b1ec36bd51f9ac064da4731817d99d9c0030cf08799d915
      unrolled_symbol_table: 0c70472fb21893662b1ec36bd51f9ac064da4731817d99d9c0030cf08799d915
      initial_ast: 386a3b54c4bb23fabc0404e4b8c18f35837c056ac139f280c70dd0b0cbc7b9bf
      unrolled_ast: 386a3b54c4bb23fabc0404e4b8c18f35837c056ac139f280c70dd0b0cbc7b9bf
      ssa_ast: 49adc4a2b3fbaec44c104ddfbbf8f588ebb80654474079aa0d3dabbc3d5de5fc
      flattened_ast: aa421ec33dfc632f1ad476c308cb88d00b373f655bcfe1a3dcc4846e58eba927
      inlined_ast: aa421ec33dfc632f1ad476c308cb88d00b373f655bcfe1a3dcc4846e58eba927
      dce_ast: 2ae90541310cf27268acfb6a6d8c7fa6fa9e0f213a00854577638a1e7790d071
      bytecode: 490f1367d32747ffc240c1b2a165f85ca487e65d00e2efee5d784e643213ce20
      warnings: ""
