---
namespace: Compile
expectation: Pass
outputs:
  - - initial_symbol_table: 992dd740994079e30efead06f29f9c2df115a70d54f7649eb5fadec3120db120
      type_checked_symbol_table: 2271d0f496fc810a81e3edbd0303d248c348b0a732ee32e9cff64ccf24073daf
      unrolled_symbol_table: 2271d0f496fc810a81e3edbd0303d248c348b0a732ee32e9cff64ccf24073daf
      initial_ast: 321fc0781a9513db52c7b93dab95e9d3a4888a238e21280b09f313242785cb7a
      unrolled_ast: 321fc0781a9513db52c7b93dab95e9d3a4888a238e21280b09f313242785cb7a
      ssa_ast: 4813fd93f7ad0f40fa95a3adb0fb93f0d533fbdf09a4f31182eafa283ae8f8e4
      flattened_ast: e9bdccc519e36902cda7f103edf85a54f7c3e25e7f7117f9c3a6092a09216535
      inlined_ast: e9bdccc519e36902cda7f103edf85a54f7c3e25e7f7117f9c3a6092a09216535
      dce_ast: 80fa153c2d626def1dbe99b68ee4717f046dd84abda72ce196f382222defaece
      bytecode: 15b3b2f15f177b34eb81e2436cf4080578e2980fc07eec7472060469a1789b5d
      warnings: ""
