---
namespace: Parse
expectation: Pass
outputs:
  - name: ""
    expected_input: []
    import_statements: []
    imports: {}
    aliases: {}
    circuits: {}
    global_consts: {}
    functions:
      "{\"name\":\"x\",\"span\":\"{\\\"line_start\\\":3,\\\"line_stop\\\":3,\\\"col_start\\\":16,\\\"col_stop\\\":17,\\\"path\\\":\\\"\\\",\\\"content\\\":\\\"const function x() {\\\"}\"}":
        annotations: {}
        identifier: "{\"name\":\"x\",\"span\":\"{\\\"line_start\\\":3,\\\"line_stop\\\":3,\\\"col_start\\\":16,\\\"col_stop\\\":17,\\\"path\\\":\\\"\\\",\\\"content\\\":\\\"const function x() {\\\"}\"}"
        input: []
        const_: true
        output: ~
        core_mapping: ~
        block:
          statements:
            - Return:
                expression:
                  TupleInit:
                    elements: []
                    span:
                      line_start: 4
                      line_stop: 4
                      col_start: 12
                      col_stop: 14
                      path: ""
                      content: "    return ();"
                span:
                  line_start: 4
                  line_stop: 4
                  col_start: 5
                  col_stop: 14
                  path: ""
                  content: "    return ();"
          span:
            line_start: 3
            line_stop: 5
            col_start: 20
            col_stop: 2
            path: ""
            content: "const function x() {\n     ...\n}"
        span:
          line_start: 3
          line_stop: 5
          col_start: 7
          col_stop: 2
          path: ""
          content: "const function x() {\n     ...\n}"
