---
namespace: Compile
expectation: Pass
outputs:
  - - initial_symbol_table: 318333ec5b971a7080d5446acd4f6931703fcb36c1430925528fe655d0d903b5
      type_checked_symbol_table: 9df21559cca2d8fe49e78a8989b590f740238dc795e1e6c99b50eee4528aa407
      unrolled_symbol_table: 9df21559cca2d8fe49e78a8989b590f740238dc795e1e6c99b50eee4528aa407
      initial_ast: 9a94ded2d081caa736107aa827fa9f612a024f3a359154524988a508b3f13593
      unrolled_ast: 9a94ded2d081caa736107aa827fa9f612a024f3a359154524988a508b3f13593
      ssa_ast: 8713236aaff5ef70dd01f7c3d17ed0b81513c37b07ed265998f296f0186faeac
      flattened_ast: 5b17d1204abd0350888c4837607a7253a9be2cbbf0f2a3135b0138fb84c5a8ff
      inlined_ast: 5b17d1204abd0350888c4837607a7253a9be2cbbf0f2a3135b0138fb84c5a8ff
      dce_ast: 5b17d1204abd0350888c4837607a7253a9be2cbbf0f2a3135b0138fb84c5a8ff
      bytecode: 65f57028681592ca0f5c4fed50abb89f4aa53139b2371bc00c3e701d5b8e896f
      warnings: ""
