---
namespace: Compile
expectation: Pass
outputs:
  - - initial_symbol_table: 8e443c028cea1cb073069e7a389f0dbf533916fc3751e321bb800ccaeb901a58
      type_checked_symbol_table: f4840dc05f84c67293a21be0ed9b1844d29461677af6b1e3d98ca89fbd84c2b2
      unrolled_symbol_table: f4840dc05f84c67293a21be0ed9b1844d29461677af6b1e3d98ca89fbd84c2b2
      initial_ast: 761a41cd73e83582d609966577084f03af19ffcd35fdc89746001e2aa8eed8af
      unrolled_ast: 761a41cd73e83582d609966577084f03af19ffcd35fdc89746001e2aa8eed8af
      ssa_ast: e3aef592f27a26087d7130098729438f92ed98009f63c6008258b523ad0d2138
      flattened_ast: 75299b1c6dfdd9bf6e97d3ac0062165731b96a97abb59bbd7849b9d7f249f602
      inlined_ast: 75299b1c6dfdd9bf6e97d3ac0062165731b96a97abb59bbd7849b9d7f249f602
      dce_ast: 75299b1c6dfdd9bf6e97d3ac0062165731b96a97abb59bbd7849b9d7f249f602
      bytecode: eb74a56b4c761a3050ee4ca8c5ac6f4085675f0ba71514b9c10cc49044251472
      warnings: ""
