---
namespace: Compile
expectation: Pass
outputs:
  - - initial_symbol_table: d213250c8345f342c17734b5f39b48154b4acfc90311f68b2f17de9595ecb107
      type_checked_symbol_table: c55fc2bf3d7f8fb94fdaf0e0ef6a172bcdfda87aa22f14c0951226c0b428b853
      unrolled_symbol_table: c55fc2bf3d7f8fb94fdaf0e0ef6a172bcdfda87aa22f14c0951226c0b428b853
      initial_ast: f3469bf73045f88a1e3b335fe11175d71a7eded9f27f138871afa6fab399f81f
      unrolled_ast: f3469bf73045f88a1e3b335fe11175d71a7eded9f27f138871afa6fab399f81f
      ssa_ast: 448f5b810d2a45abf1d33864060051cca2543f6c0cdc86dadc7991fade46a843
      flattened_ast: f895ab8801f57cb55e15b05ac82feef556ea06c6d75757b757cbf3e84fbd1f1f
      inlined_ast: f895ab8801f57cb55e15b05ac82feef556ea06c6d75757b757cbf3e84fbd1f1f
      dce_ast: f895ab8801f57cb55e15b05ac82feef556ea06c6d75757b757cbf3e84fbd1f1f
      bytecode: 38011d05593d9cf5baa1fca933e8155d3154ad934a4b0ae9d67111b324875f86
      warnings: ""
