---
namespace: Compile
expectation: Pass
outputs:
  - - initial_symbol_table: f2e1278c1b7a68a7c55fa40ddb7f96e294617154b5e6645756a54e449174ca49
      type_checked_symbol_table: d84154eca10ddf524e43527f64fbf07e05feb02b142c9f1f36b42667a2ad7b84
      unrolled_symbol_table: d84154eca10ddf524e43527f64fbf07e05feb02b142c9f1f36b42667a2ad7b84
      initial_ast: f865e51b9d0fd027e76be82108ead9efcee22d3ead259849cd48b01ae416aa34
      unrolled_ast: f865e51b9d0fd027e76be82108ead9efcee22d3ead259849cd48b01ae416aa34
      ssa_ast: f601f8c4096ab30f3254990b290f79ea15c63f130c8cdb1d1391d5c50efc955c
      flattened_ast: 92d6f51fdd08b84c5c190cf251902fe6b5266c50900827d17a406c2551a895eb
      inlined_ast: 92d6f51fdd08b84c5c190cf251902fe6b5266c50900827d17a406c2551a895eb
      dce_ast: 92d6f51fdd08b84c5c190cf251902fe6b5266c50900827d17a406c2551a895eb
      bytecode: f88e8b16ebc2a407989f9f316ad6a9edfec6f134c7a0d9b25cea571df8161900
      warnings: ""
