---
namespace: Compile
expectation: Pass
outputs:
  - - initial_symbol_table: 74b5b2e631e68611202a7a045996856214c9c3b227b9758d93dc52912d073526
      type_checked_symbol_table: 3d20ce52198bcfd4f30fa6c80c28b6415a5d13ef629474ac3041cb3d0da75e8a
      unrolled_symbol_table: 3d20ce52198bcfd4f30fa6c80c28b6415a5d13ef629474ac3041cb3d0da75e8a
      initial_ast: 22d48cb1d3ce20e77de7e2dbf0ee5f62a95f8da980b6a2d98f252fd0737b6d00
      unrolled_ast: 22d48cb1d3ce20e77de7e2dbf0ee5f62a95f8da980b6a2d98f252fd0737b6d00
      ssa_ast: 49a7de290e93caa1c71d431ed4be6d682cc795018c27d1def13858628c525536
      flattened_ast: d450e7a2aacd73d4c78a54ee9adac4299d6edb4fa88448825203e8399625e2c9
      inlined_ast: d450e7a2aacd73d4c78a54ee9adac4299d6edb4fa88448825203e8399625e2c9
      dce_ast: d450e7a2aacd73d4c78a54ee9adac4299d6edb4fa88448825203e8399625e2c9
      bytecode: 009e138c1ef58588c8c34fdd4b56c5cd984a2f4664d71a3ce1f5811350d5cc1f
      warnings: ""
