---
namespace: Compile
expectation: Pass
outputs:
  - - initial_symbol_table: a5f56d9140369710d2616f22e72769b4ce4786e6b3cadd3eaa7301dd486c160b
      type_checked_symbol_table: 9d1e9e5b0948376ed46501cef3297fea954a644d81b450079e86cf8b5b0ac66a
      unrolled_symbol_table: 9d1e9e5b0948376ed46501cef3297fea954a644d81b450079e86cf8b5b0ac66a
      initial_ast: 1135607e26163efc194003ab3bdf7e2f52ae7653d69c11b48eea93864abedd11
      unrolled_ast: 1135607e26163efc194003ab3bdf7e2f52ae7653d69c11b48eea93864abedd11
      ssa_ast: ffd260401df426ff27cc3f2de50d3ff7a3ec3e4365ee466fd489a2a5bc4b8208
      flattened_ast: 2a4755273faae25d18cabfb04121c64e968ea0975651e989b0b01a9aff317c78
      inlined_ast: 2a4755273faae25d18cabfb04121c64e968ea0975651e989b0b01a9aff317c78
      dce_ast: 2a4755273faae25d18cabfb04121c64e968ea0975651e989b0b01a9aff317c78
      bytecode: 0d7b74771220febbbf1600fe72c373d3398998c0d1200c1fd592d3b3da56b928
      warnings: ""
