---
namespace: ParseStatement
expectation: Pass
outputs:
  - Assert:
      variant:
        AssertEq:
          - Identifier: "{\"name\":\"x\",\"span\":\"{\\\"lo\\\":10,\\\"hi\\\":11}\"}"
          - Identifier: "{\"name\":\"y\",\"span\":\"{\\\"lo\\\":13,\\\"hi\\\":14}\"}"
      span:
        lo: 0
        hi: 9
  - Assert:
      variant:
        AssertEq:
          - Struct:
              name: "{\"name\":\"Foo\",\"span\":\"{\\\"lo\\\":10,\\\"hi\\\":13}\"}"
              members:
                - identifier: "{\"name\":\"x\",\"span\":\"{\\\"lo\\\":16,\\\"hi\\\":17}\"}"
                  expression:
                    Identifier: "{\"name\":\"x\",\"span\":\"{\\\"lo\\\":19,\\\"hi\\\":20}\"}"
              span:
                lo: 10
                hi: 22
          - Struct:
              name: "{\"name\":\"Foo\",\"span\":\"{\\\"lo\\\":24,\\\"hi\\\":27}\"}"
              members:
                - identifier: "{\"name\":\"x\",\"span\":\"{\\\"lo\\\":30,\\\"hi\\\":31}\"}"
                  expression:
                    Identifier: "{\"name\":\"y\",\"span\":\"{\\\"lo\\\":33,\\\"hi\\\":34}\"}"
              span:
                lo: 24
                hi: 36
      span:
        lo: 0
        hi: 9
  - Assert:
      variant:
        AssertNeq:
          - Identifier: "{\"name\":\"x\",\"span\":\"{\\\"lo\\\":11,\\\"hi\\\":12}\"}"
          - Identifier: "{\"name\":\"y\",\"span\":\"{\\\"lo\\\":14,\\\"hi\\\":15}\"}"
      span:
        lo: 0
        hi: 10
  - Assert:
      variant:
        Assert:
          Literal:
            Boolean:
              - false
              - span:
                  lo: 7
                  hi: 12
      span:
        lo: 0
        hi: 6
