---
namespace: Compile
expectation: Pass
outputs:
  - circuit:
      num_public_variables: 0
      num_private_variables: 190
      num_constraints: 190
      at: c437829299b1bd54eaa34d8c2944282ae496ca8b406b3e63153cf90ea4b0c26c
      bt: f67ba97cf19e144d52250e3516f30b452853e281c130b71910357054f39ea93d
      ct: ae2919766d8ddb409fbf5f17d05162e79049d3266470ad7835a7a05c468d0538
    ir:
      - "decl f0: <0>"
      - "  store &v1, ((v0), (), (), ())"
      - "  negate &v4, v2"
      - "  eq &v5, v4, v3"
      - "  retn v5"
      - ""
    output:
      - input_file: i32.in
        output:
          registers:
            r0:
              type: bool
              value: "true"
      - input_file: i32.in
        output:
          registers:
            r0:
              type: bool
              value: "true"
    initial_ast: 921ba20eaa9e9cf5a46d692c0893fd03605f64bf36c3d691edd43358b73cfa6f
    imports_resolved_ast: 3bcb4e29b19fd9d3065ad1032a5cf876fc5b607f187c75bf0bd23d9985135366
    canonicalized_ast: 3bcb4e29b19fd9d3065ad1032a5cf876fc5b607f187c75bf0bd23d9985135366
    type_inferenced_ast: 34a2c014038324a928d0d2b2d0c31c64a5d758477f64782bdf58f39137782bad
