---
namespace: Compile
expectation: Pass
outputs:
  - circuit:
      num_public_variables: 0
      num_private_variables: 2
      num_constraints: 2
      at: 401937c524c61a28b4fab76d7a1f85bb628850012af62362a0922610372faf92
      bt: cdf9a9cee4f2edf55111a95ae60bde9801080f6bde638a5c79273a39a2f9f7f5
      ct: 643d5437104296e21d906ecb15b2c96ad278f20cfc4af53b12bb6069bd853726
    ir:
      - "decl f0: <0>"
      - "  store &v1, ((v0), (), (), ())"
      - "  log INFO, \"\", 1, \" \", true, \"\""
      - "  eq &v3, v2, true"
      - "  retn v3"
      - ""
    output:
      - input_file: input/dummy.in
        output:
          registers:
            r0:
              type: bool
              value: "true"
    initial_ast: f396f40dc9172e8f513c9227022077ec0130f1dc21df8742aa5d377d4a476279
    imports_resolved_ast: b3ac508de85786dc8b1dba42af315f3444902e57026cd8efde1886926a8e0172
    canonicalized_ast: b3ac508de85786dc8b1dba42af315f3444902e57026cd8efde1886926a8e0172
    type_inferenced_ast: 2ad6f8a18ebc77d5f03a0e20ae533c5f9a18b35db3ebeaa793aaaaa0fa01d449
