---
namespace: Compile
expectation: Pass
outputs:
  - - initial_ast: a51e10a6d34d4d22e2da59399b390a38f8681cdbcaf1c64ea716b3170b881e97
      unrolled_ast: a51e10a6d34d4d22e2da59399b390a38f8681cdbcaf1c64ea716b3170b881e97
      ssa_ast: 61e7f390a6fbf11e26e0afe0952fd26362fb998208072dee6d077882409cdbf6
      flattened_ast: d049d89474f2ea2274645657ca5b67f39456640a8d844a171d66d1117f494a89
      inlined_ast: d049d89474f2ea2274645657ca5b67f39456640a8d844a171d66d1117f494a89
      dce_ast: d049d89474f2ea2274645657ca5b67f39456640a8d844a171d66d1117f494a89
      bytecode: 934e0fc8c35f7f0ac3e0403f24f1581573ba6742e9693f9d2a2b56c86e3a6281
      warnings: ""
