---
namespace: Compile
expectation: Pass
outputs:
  - circuit:
      num_public_variables: 0
      num_private_variables: 2
      num_constraints: 2
      at: 401937c524c61a28b4fab76d7a1f85bb628850012af62362a0922610372faf92
      bt: cdf9a9cee4f2edf55111a95ae60bde9801080f6bde638a5c79273a39a2f9f7f5
      ct: 643d5437104296e21d906ecb15b2c96ad278f20cfc4af53b12bb6069bd853726
    ir:
      - "decl f0: <0>"
      - "  store &v1, ((v0), (), (), ())"
      - "  store &v3, [1]"
      - "  aget &v4, v3, 0"
      - "  aset &v3, 0, 0"
      - "  store &v3, v3"
      - "  aget &v5, v3, 0"
      - "  eq &v6, v5, 0"
      - "  eq &v7, v6, v2"
      - "  retn v7"
      - ""
    output:
      - input_file: input/dummy.in
        output:
          registers:
            r0:
              type: bool
              value: "true"
    initial_ast: f805fae3fdc3b0fc9ef692dd29fc7e3f7ee312ecc6f2019a71827144c0aa6e7d
    imports_resolved_ast: af1bcd97316d81fa498b8f301aa8b7b5ceba0e7f40ac0afa2853da5cef30eca0
    canonicalized_ast: af1bcd97316d81fa498b8f301aa8b7b5ceba0e7f40ac0afa2853da5cef30eca0
    type_inferenced_ast: b82d5dabd5eea7f1358727a8e6be6f40bfaa2a506b29757ec34fc66fb770a0a1
