---
namespace: Compile
expectation: Fail
outputs:
  - "Error [ETYC0372029]: A circuit or record cannot contain another record.\n    --> compiler-test:5:5\n     |\n   5 |     token: Token,\n     |     ^^^^^\n     |\n     = Remove the record `Token` from `Foo`.\nError [ETYC0372035]: Recursive types are not allowed.\n     |\n     = Remove the recursive type.\n"
