---
namespace: Compile
expectation: Pass
outputs:
  - circuit:
      num_public_variables: 0
      num_private_variables: 4
      num_constraints: 4
      at: a2663d5e46da080a767684035cccbeeefe30da6ef35829b8dd153bb075b3dae6
      bt: 3d5332ab3122ad84063428cb60f2a6560e0574f93c9f2b75f501154efd52f768
      ct: 2a08bf81c2c5c2285868d01f22cdbb09f412e18a9f3bce3c0e0ed451efdd46ea
    ir:
      - "decl f0: <0>"
      - "  store &v1, ((v0), (), (), ())"
      - "  store &v4, false"
      - "  call &v5, f1"
      - "  repeat 6, &v6, false, 0, v5"
      - "    lt &v7, v6, 5"
      - "    mask 1, v7"
      - "      store &v4, v2"
      - "    not &v8, v7"
      - "    mask 1, v8"
      - "      store &v4, v3"
      - "  eq &v9, v4, v2"
      - "  retn v9"
      - "decl f1: <10>"
      - "  retn 10"
      - "decl f2: <10>"
      - "  retn [false, false, false, false, false, false, false, false, false, false, false, false, false, false, false, false, false, false, false, false, false, false, false, false, false, false, false, false, false, false, false, false, false, false, false, false, false, false, false, false, false, false, false, false, false, false, false, false, false, false, false, false, false, false, false, false, false, false, false, false, false, false, false, false, false, false, false, false, false, false, false, false, false, false, false, false, false, false, false, false, false, false, false, false, false, false, false, false, false, false, false, false, false, false, false, false, false, false, false, false, false, false, false, false, false, false, false, false, false, false, false, false, false, false, false, false, false, false, false, false, false, false, false, false, false, false, false, false, false, false, false, false, false, false, false, false, false, false, false, false, false, false, false, false, false, false, false, false, false, false, false, false, false, false, false, false, false, false, false, false, false, false, false, false, false, false, false, false, false, false, false, false, false, false, false, false, false, false, false, false, false, false, false, false, false, false, false, false, false, false, false, false, false, false, false, false, false, false, false, false, false, false, false, false, false, false, false, false, false, false, false, false, false, false, false, false, false, false, false, false, false, false, false, false, false, false, false, false, false, false, false, false, false, false, false, false, false, false, false, false, false, false, false, false, false, false, false, false, false, false, false, false, false, false, false, false]"
      - "decl f3: <11>"
      - "  retn aleo1qnr4dkkvkgfqph0vzc3y6z2eu975wnpz2925ntjccd5cfqxtyu8sta57j8"
      - "decl f4: <12>"
      - "  retn [0, 0, 0, 0, 0, 0, 0, 0, 0, 0, 0, 0, 0, 0, 0, 0, 0, 0, 0, 0, 0, 0, 0, 0, 0, 0, 0, 0, 0, 0, 0, 0]"
      - "decl f5: <13>"
      - "  retn aleo1qnr4dkkvkgfqph0vzc3y6z2eu975wnpz2925ntjccd5cfqxtyu8sta57j8"
      - "decl f6: <14>"
      - "  retn [false, false, false, false, false, false, false, false, false, false, false, false, false, false, false, false, false, false, false, false, false, false, false, false, false, false, false, false, false, false, false, false, false, false, false, false, false, false, false, false, false, false, false, false, false, false, false, false, false, false, false, false, false, false, false, false, false, false, false, false, false, false, false, false, false, false, false, false, false, false, false, false, false, false, false, false, false, false, false, false, false, false, false, false, false, false, false, false, false, false, false, false, false, false, false, false, false, false, false, false, false, false, false, false, false, false, false, false, false, false, false, false, false, false, false, false, false, false, false, false, false, false, false, false, false, false, false, false, false, false, false, false, false, false, false, false, false, false, false, false, false, false, false, false, false, false, false, false, false, false, false, false, false, false, false, false, false, false, false, false, false, false, false, false, false, false, false, false, false, false, false, false, false, false, false, false, false, false, false, false, false, false, false, false, false, false, false, false, false, false, false, false, false, false, false, false, false, false, false, false, false, false, false, false, false, false, false, false, false, false, false, false, false, false, false, false, false, false, false, false, false, false, false, false, false, false, false, false, false, false, false, false, false, false, false, false, false, false, false, false, false, false, false, false, false, false, false, false, false, false, false, false, false, false, false, false]"
      - "decl f7: <15>"
      - "  retn aleo1qnr4dkkvkgfqph0vzc3y6z2eu975wnpz2925ntjccd5cfqxtyu8sta57j8"
      - "decl f8: <16>"
      - "  retn [0, 0, 0, 0, 0, 0, 0, 0, 0, 0, 0, 0, 0, 0, 0, 0, 0, 0, 0, 0, 0, 0, 0, 0, 0, 0, 0, 0, 0, 0, 0, 0]"
      - "decl f9: <17>"
      - "  retn aleo1qnr4dkkvkgfqph0vzc3y6z2eu975wnpz2925ntjccd5cfqxtyu8sta57j8"
      - "decl f10: <18>"
      - "  retn 0"
      - "decl f11: <19>"
      - "  retn [false]"
      - "decl f12: <20>"
      - "  retn false"
      - "decl f13: <21>"
      - "  retn [0]"
      - "decl f14: <22>"
      - "  retn false"
      - "decl f15: <23>"
      - "  retn [false]"
      - "decl f16: <24>"
      - "  retn false"
      - "decl f17: <25>"
      - "  retn [0]"
      - "decl f18: <26>"
      - "  retn false"
      - "decl f19: <27>"
      - "  retn [false, false, false, false, false, false, false, false, false, false, false, false, false, false, false, false, false, false, false, false, false, false, false, false, false, false, false, false, false, false, false, false, false, false, false, false, false, false, false, false, false, false, false, false, false, false, false, false, false, false, false, false, false, false, false, false, false, false, false, false, false, false, false, false, false, false, false, false, false, false, false, false, false, false, false, false, false, false, false, false, false, false, false, false, false, false, false, false, false, false, false, false, false, false, false, false, false, false, false, false, false, false, false, false, false, false, false, false, false, false, false, false, false, false, false, false, false, false, false, false, false, false, false, false, false, false, false, false, false, false, false, false, false, false, false, false, false, false, false, false, false, false, false, false, false, false, false, false, false, false, false, false, false, false, false, false, false, false, false, false, false, false, false, false, false, false, false, false, false, false, false, false, false, false, false, false, false, false, false, false, false, false, false, false, false, false, false, false, false, false, false, false, false, false, false, false, false, false, false, false, false, false, false, false, false, false, false, false, false, false, false, false, false, false, false, false, false, false, false, false, false, false, false, false, false, false, false, false, false, false, false, false, false, false, false, false, false, false, false, false, false, false, false, false, false, false, false, false, false, false, false, false, false]"
      - "decl f20: <28>"
      - "  retn 'a'"
      - "decl f21: <29>"
      - "  retn [0, 0, 0, 0, 0, 0, 0, 0, 0, 0, 0, 0, 0, 0, 0, 0, 0, 0, 0, 0, 0, 0, 0, 0, 0, 0, 0, 0, 0, 0, 0, 0]"
      - "decl f22: <30>"
      - "  retn 'a'"
      - "decl f23: <31>"
      - "  retn [false, false, false, false, false, false, false, false, false, false, false, false, false, false, false, false, false, false, false, false, false, false, false, false, false, false, false, false, false, false, false, false, false, false, false, false, false, false, false, false, false, false, false, false, false, false, false, false, false, false, false, false, false, false, false, false, false, false, false, false, false, false, false, false, false, false, false, false, false, false, false, false, false, false, false, false, false, false, false, false, false, false, false, false, false, false, false, false, false, false, false, false, false, false, false, false, false, false, false, false, false, false, false, false, false, false, false, false, false, false, false, false, false, false, false, false, false, false, false, false, false, false, false, false, false, false, false, false, false, false, false, false, false, false, false, false, false, false, false, false, false, false, false, false, false, false, false, false, false, false, false, false, false, false, false, false, false, false, false, false, false, false, false, false, false, false, false, false, false, false, false, false, false, false, false, false, false, false, false, false, false, false, false, false, false, false, false, false, false, false, false, false, false, false, false, false, false, false, false, false, false, false, false, false, false, false, false, false, false, false, false, false, false, false, false, false, false, false, false, false, false, false, false, false, false, false, false, false, false, false, false, false, false, false, false, false, false, false, false, false, false, false, false, false, false, false, false, false, false, false, false, false, false]"
      - "decl f24: <32>"
      - "  retn 'a'"
      - "decl f25: <33>"
      - "  retn [0, 0, 0, 0, 0, 0, 0, 0, 0, 0, 0, 0, 0, 0, 0, 0, 0, 0, 0, 0, 0, 0, 0, 0, 0, 0, 0, 0, 0, 0, 0, 0]"
      - "decl f26: <34>"
      - "  retn 'a'"
      - "decl f27: <35>"
      - "  retn [false, false, false, false, false, false, false, false, false, false, false, false, false, false, false, false, false, false, false, false, false, false, false, false, false, false, false, false, false, false, false, false, false, false, false, false, false, false, false, false, false, false, false, false, false, false, false, false, false, false, false, false, false, false, false, false, false, false, false, false, false, false, false, false, false, false, false, false, false, false, false, false, false, false, false, false, false, false, false, false, false, false, false, false, false, false, false, false, false, false, false, false, false, false, false, false, false, false, false, false, false, false, false, false, false, false, false, false, false, false, false, false, false, false, false, false, false, false, false, false, false, false, false, false, false, false, false, false, false, false, false, false, false, false, false, false, false, false, false, false, false, false, false, false, false, false, false, false, false, false, false, false, false, false, false, false, false, false, false, false, false, false, false, false, false, false, false, false, false, false, false, false, false, false, false, false, false, false, false, false, false, false, false, false, false, false, false, false, false, false, false, false, false, false, false, false, false, false, false, false, false, false, false, false, false, false, false, false, false, false, false, false, false, false, false, false, false, false, false, false, false, false, false, false, false, false, false, false, false, false, false, false, false, false, false, false, false, false, false, false, false, false, false, false, false, false, false, false, false, false, false, false, false]"
      - "decl f28: <36>"
      - "  retn []"
      - "decl f29: <37>"
      - "  retn [0, 0, 0, 0, 0, 0, 0, 0, 0, 0, 0, 0, 0, 0, 0, 0, 0, 0, 0, 0, 0, 0, 0, 0, 0, 0, 0, 0, 0, 0, 0, 0]"
      - "decl f30: <38>"
      - "  retn []"
      - "decl f31: <39>"
      - "  retn [false, false, false, false, false, false, false, false, false, false, false, false, false, false, false, false, false, false, false, false, false, false, false, false, false, false, false, false, false, false, false, false, false, false, false, false, false, false, false, false, false, false, false, false, false, false, false, false, false, false, false, false, false, false, false, false, false, false, false, false, false, false, false, false, false, false, false, false, false, false, false, false, false, false, false, false, false, false, false, false, false, false, false, false, false, false, false, false, false, false, false, false, false, false, false, false, false, false, false, false, false, false, false, false, false, false, false, false, false, false, false, false, false, false, false, false, false, false, false, false, false, false, false, false, false, false, false, false, false, false, false, false, false, false, false, false, false, false, false, false, false, false, false, false, false, false, false, false, false, false, false, false, false, false, false, false, false, false, false, false, false, false, false, false, false, false, false, false, false, false, false, false, false, false, false, false, false, false, false, false, false, false, false, false, false, false, false, false, false, false, false, false, false, false, false, false, false, false, false, false, false, false, false, false, false, false, false, false, false, false, false, false, false, false, false, false, false, false, false, false, false, false, false, false, false, false, false, false, false, false, false, false, false, false, false, false, false, false, false, false, false, false, false, false, false, false, false, false, false, false, false, false, false]"
      - "decl f32: <40>"
      - "  retn []"
      - "decl f33: <41>"
      - "  retn [0, 0, 0, 0, 0, 0, 0, 0, 0, 0, 0, 0, 0, 0, 0, 0, 0, 0, 0, 0, 0, 0, 0, 0, 0, 0, 0, 0, 0, 0, 0, 0]"
      - "decl f34: <42>"
      - "  retn []"
      - "decl f35: <43>"
      - "  retn [false, false, false, false, false, false, false, false, false, false, false, false, false, false, false, false, false, false, false, false, false, false, false, false, false, false, false, false, false, false, false, false, false, false, false, false, false, false, false, false, false, false, false, false, false, false, false, false, false, false, false, false, false, false, false, false, false, false, false, false, false, false, false, false, false, false, false, false, false, false, false, false, false, false, false, false, false, false, false, false, false, false, false, false, false, false, false, false, false, false, false, false, false, false, false, false, false, false, false, false, false, false, false, false, false, false, false, false, false, false, false, false, false, false, false, false, false, false, false, false, false, false, false, false, false, false, false, false, false, false, false, false, false, false, false, false, false, false, false, false, false, false, false, false, false, false, false, false, false, false, false, false, false, false, false, false, false, false, false, false, false, false, false, false, false, false, false, false, false, false, false, false, false, false, false, false, false, false, false, false, false, false, false, false, false, false, false, false, false, false, false, false, false, false, false, false, false, false, false, false, false, false, false, false, false, false, false, false, false, false, false, false, false, false, false, false, false, false, false, false, false, false, false, false, false, false, false, false, false, false, false, false, false, false, false, false, false, false, false, false, false, false, false, false, false, false, false, false, false, false, false, false, false, false, false, false, false, false, false, false, false, false, false, false, false, false, false, false, false, false, false, false, false, false, false, false, false, false, false, false, false, false, false, false, false, false, false, false, false, false, false, false, false, false, false, false, false, false, false, false, false, false, false, false, false, false, false, false, false, false, false, false, false, false, false, false, false, false, false, false, false, false, false, false, false, false, false, false, false, false, false, false, false, false, false, false, false, false, false, false, false, false, false, false, false, false, false, false, false, false, false, false, false, false, false, false, false, false, false, false, false, false, false, false, false, false, false, false, false, false, false, false, false, false, false, false, false, false, false, false, false, false, false, false, false, false, false, false, false, false, false, false, false, false, false, false, false, false, false, false, false, false, false, false, false, false, false, false, false, false, false, false, false, false, false, false, false, false, false, false, false, false, false, false, false, false, false, false, false, false, false, false, false, false, false, false, false, false, false, false, false, false, false, false, false, false, false, false, false, false, false, false, false, false, false, false, false, false, false, false, false, false, false, false, false, false, false, false, false, false, false, false, false, false, false, false, false, false, false, false, false, false, false, false, false, false, false, false, false, false, false, false, false, false, false, false, false, false, false, false, false, false, false, false, false, false]"
      - "decl f36: <44>"
      - "  retn []group"
      - "decl f37: <45>"
      - "  retn [0, 0, 0, 0, 0, 0, 0, 0, 0, 0, 0, 0, 0, 0, 0, 0, 0, 0, 0, 0, 0, 0, 0, 0, 0, 0, 0, 0, 0, 0, 0, 0, 0, 0, 0, 0, 0, 0, 0, 0, 0, 0, 0, 0, 0, 0, 0, 0, 0, 0, 0, 0, 0, 0, 0, 0, 0, 0, 0, 0, 0, 0, 0, 0]"
      - "decl f38: <46>"
      - "  retn []group"
      - "decl f39: <47>"
      - "  retn [false, false, false, false, false, false, false, false, false, false, false, false, false, false, false, false, false, false, false, false, false, false, false, false, false, false, false, false, false, false, false, false, false, false, false, false, false, false, false, false, false, false, false, false, false, false, false, false, false, false, false, false, false, false, false, false, false, false, false, false, false, false, false, false, false, false, false, false, false, false, false, false, false, false, false, false, false, false, false, false, false, false, false, false, false, false, false, false, false, false, false, false, false, false, false, false, false, false, false, false, false, false, false, false, false, false, false, false, false, false, false, false, false, false, false, false, false, false, false, false, false, false, false, false, false, false, false, false, false, false, false, false, false, false, false, false, false, false, false, false, false, false, false, false, false, false, false, false, false, false, false, false, false, false, false, false, false, false, false, false, false, false, false, false, false, false, false, false, false, false, false, false, false, false, false, false, false, false, false, false, false, false, false, false, false, false, false, false, false, false, false, false, false, false, false, false, false, false, false, false, false, false, false, false, false, false, false, false, false, false, false, false, false, false, false, false, false, false, false, false, false, false, false, false, false, false, false, false, false, false, false, false, false, false, false, false, false, false, false, false, false, false, false, false, false, false, false, false, false, false, false, false, false, false, false, false, false, false, false, false, false, false, false, false, false, false, false, false, false, false, false, false, false, false, false, false, false, false, false, false, false, false, false, false, false, false, false, false, false, false, false, false, false, false, false, false, false, false, false, false, false, false, false, false, false, false, false, false, false, false, false, false, false, false, false, false, false, false, false, false, false, false, false, false, false, false, false, false, false, false, false, false, false, false, false, false, false, false, false, false, false, false, false, false, false, false, false, false, false, false, false, false, false, false, false, false, false, false, false, false, false, false, false, false, false, false, false, false, false, false, false, false, false, false, false, false, false, false, false, false, false, false, false, false, false, false, false, false, false, false, false, false, false, false, false, false, false, false, false, false, false, false, false, false, false, false, false, false, false, false, false, false, false, false, false, false, false, false, false, false, false, false, false, false, false, false, false, false, false, false, false, false, false, false, false, false, false, false, false, false, false, false, false, false, false, false, false, false, false, false, false, false, false, false, false, false, false, false, false, false, false, false, false, false, false, false, false, false, false, false, false, false, false, false, false, false, false, false, false, false, false, false, false, false, false, false, false, false, false, false, false, false, false, false, false, false, false, false, false, false, false, false, false, false, false, false]"
      - "decl f40: <48>"
      - "  retn []group"
      - "decl f41: <49>"
      - "  retn [0, 0, 0, 0, 0, 0, 0, 0, 0, 0, 0, 0, 0, 0, 0, 0, 0, 0, 0, 0, 0, 0, 0, 0, 0, 0, 0, 0, 0, 0, 0, 0, 0, 0, 0, 0, 0, 0, 0, 0, 0, 0, 0, 0, 0, 0, 0, 0, 0, 0, 0, 0, 0, 0, 0, 0, 0, 0, 0, 0, 0, 0, 0, 0]"
      - "decl f42: <50>"
      - "  retn []group"
      - "decl f43: <51>"
      - "  retn [false, false, false, false, false, false, false, false]"
      - "decl f44: <52>"
      - "  retn 0"
      - "decl f45: <53>"
      - "  retn [0]"
      - "decl f46: <54>"
      - "  retn 0"
      - "decl f47: <55>"
      - "  retn [false, false, false, false, false, false, false, false]"
      - "decl f48: <56>"
      - "  retn 0"
      - "decl f49: <57>"
      - "  retn [0]"
      - "decl f50: <58>"
      - "  retn 0"
      - "decl f51: <59>"
      - "  retn [false, false, false, false, false, false, false, false, false, false, false, false, false, false, false, false]"
      - "decl f52: <60>"
      - "  retn 0"
      - "decl f53: <61>"
      - "  retn [0, 0]"
      - "decl f54: <62>"
      - "  retn 0"
      - "decl f55: <63>"
      - "  retn [false, false, false, false, false, false, false, false, false, false, false, false, false, false, false, false]"
      - "decl f56: <64>"
      - "  retn 0"
      - "decl f57: <65>"
      - "  retn [0, 0]"
      - "decl f58: <66>"
      - "  retn 0"
      - "decl f59: <67>"
      - "  retn [false, false, false, false, false, false, false, false, false, false, false, false, false, false, false, false, false, false, false, false, false, false, false, false, false, false, false, false, false, false, false, false]"
      - "decl f60: <68>"
      - "  retn 0"
      - "decl f61: <69>"
      - "  retn [0, 0, 0, 0]"
      - "decl f62: <70>"
      - "  retn 0"
      - "decl f63: <71>"
      - "  retn [false, false, false, false, false, false, false, false, false, false, false, false, false, false, false, false, false, false, false, false, false, false, false, false, false, false, false, false, false, false, false, false]"
      - "decl f64: <72>"
      - "  retn 0"
      - "decl f65: <73>"
      - "  retn [0, 0, 0, 0]"
      - "decl f66: <74>"
      - "  retn 0"
      - "decl f67: <75>"
      - "  retn [false, false, false, false, false, false, false, false, false, false, false, false, false, false, false, false, false, false, false, false, false, false, false, false, false, false, false, false, false, false, false, false, false, false, false, false, false, false, false, false, false, false, false, false, false, false, false, false, false, false, false, false, false, false, false, false, false, false, false, false, false, false, false, false]"
      - "decl f68: <76>"
      - "  retn 0"
      - "decl f69: <77>"
      - "  retn [0, 0, 0, 0, 0, 0, 0, 0]"
      - "decl f70: <78>"
      - "  retn 0"
      - "decl f71: <79>"
      - "  retn [false, false, false, false, false, false, false, false, false, false, false, false, false, false, false, false, false, false, false, false, false, false, false, false, false, false, false, false, false, false, false, false, false, false, false, false, false, false, false, false, false, false, false, false, false, false, false, false, false, false, false, false, false, false, false, false, false, false, false, false, false, false, false, false]"
      - "decl f72: <80>"
      - "  retn 0"
      - "decl f73: <81>"
      - "  retn [0, 0, 0, 0, 0, 0, 0, 0]"
      - "decl f74: <82>"
      - "  retn 0"
      - "decl f75: <83>"
      - "  retn [false, false, false, false, false, false, false, false, false, false, false, false, false, false, false, false, false, false, false, false, false, false, false, false, false, false, false, false, false, false, false, false, false, false, false, false, false, false, false, false, false, false, false, false, false, false, false, false, false, false, false, false, false, false, false, false, false, false, false, false, false, false, false, false, false, false, false, false, false, false, false, false, false, false, false, false, false, false, false, false, false, false, false, false, false, false, false, false, false, false, false, false, false, false, false, false, false, false, false, false, false, false, false, false, false, false, false, false, false, false, false, false, false, false, false, false, false, false, false, false, false, false, false, false, false, false, false, false]"
      - "decl f76: <84>"
      - "  retn 0"
      - "decl f77: <85>"
      - "  retn [0, 0, 0, 0, 0, 0, 0, 0, 0, 0, 0, 0, 0, 0, 0, 0]"
      - "decl f78: <86>"
      - "  retn 0"
      - "decl f79: <87>"
      - "  retn [false, false, false, false, false, false, false, false, false, false, false, false, false, false, false, false, false, false, false, false, false, false, false, false, false, false, false, false, false, false, false, false, false, false, false, false, false, false, false, false, false, false, false, false, false, false, false, false, false, false, false, false, false, false, false, false, false, false, false, false, false, false, false, false, false, false, false, false, false, false, false, false, false, false, false, false, false, false, false, false, false, false, false, false, false, false, false, false, false, false, false, false, false, false, false, false, false, false, false, false, false, false, false, false, false, false, false, false, false, false, false, false, false, false, false, false, false, false, false, false, false, false, false, false, false, false, false, false]"
      - "decl f80: <88>"
      - "  retn 0"
      - "decl f81: <89>"
      - "  retn [0, 0, 0, 0, 0, 0, 0, 0, 0, 0, 0, 0, 0, 0, 0, 0]"
      - "decl f82: <90>"
      - "  retn 0"
      - "decl f83: <91>"
      - "  retn [false, false, false, false, false, false, false, false]"
      - "decl f84: <92>"
      - "  retn 0"
      - "decl f85: <93>"
      - "  retn [0]"
      - "decl f86: <94>"
      - "  retn 0"
      - "decl f87: <95>"
      - "  retn [false, false, false, false, false, false, false, false]"
      - "decl f88: <96>"
      - "  retn 0"
      - "decl f89: <97>"
      - "  retn [0]"
      - "decl f90: <98>"
      - "  retn 0"
      - "decl f91: <99>"
      - "  retn [false, false, false, false, false, false, false, false, false, false, false, false, false, false, false, false]"
      - "decl f92: <100>"
      - "  retn 0"
      - "decl f93: <101>"
      - "  retn [0, 0]"
      - "decl f94: <102>"
      - "  retn 0"
      - "decl f95: <103>"
      - "  retn [false, false, false, false, false, false, false, false, false, false, false, false, false, false, false, false]"
      - "decl f96: <104>"
      - "  retn 0"
      - "decl f97: <105>"
      - "  retn [0, 0]"
      - "decl f98: <106>"
      - "  retn 0"
      - "decl f99: <107>"
      - "  retn [false, false, false, false, false, false, false, false, false, false, false, false, false, false, false, false, false, false, false, false, false, false, false, false, false, false, false, false, false, false, false, false]"
      - "decl f100: <108>"
      - "  retn 0"
      - "decl f101: <109>"
      - "  retn [0, 0, 0, 0]"
      - "decl f102: <110>"
      - "  retn 0"
      - "decl f103: <111>"
      - "  retn [false, false, false, false, false, false, false, false, false, false, false, false, false, false, false, false, false, false, false, false, false, false, false, false, false, false, false, false, false, false, false, false]"
      - "decl f104: <112>"
      - "  retn 0"
      - "decl f105: <113>"
      - "  retn [0, 0, 0, 0]"
      - "decl f106: <114>"
      - "  retn 0"
      - "decl f107: <115>"
      - "  retn [false, false, false, false, false, false, false, false, false, false, false, false, false, false, false, false, false, false, false, false, false, false, false, false, false, false, false, false, false, false, false, false, false, false, false, false, false, false, false, false, false, false, false, false, false, false, false, false, false, false, false, false, false, false, false, false, false, false, false, false, false, false, false, false]"
      - "decl f108: <116>"
      - "  retn 0"
      - "decl f109: <117>"
      - "  retn [0, 0, 0, 0, 0, 0, 0, 0]"
      - "decl f110: <118>"
      - "  retn 0"
      - "decl f111: <119>"
      - "  retn [false, false, false, false, false, false, false, false, false, false, false, false, false, false, false, false, false, false, false, false, false, false, false, false, false, false, false, false, false, false, false, false, false, false, false, false, false, false, false, false, false, false, false, false, false, false, false, false, false, false, false, false, false, false, false, false, false, false, false, false, false, false, false, false]"
      - "decl f112: <120>"
      - "  retn 0"
      - "decl f113: <121>"
      - "  retn [0, 0, 0, 0, 0, 0, 0, 0]"
      - "decl f114: <122>"
      - "  retn 0"
      - "decl f115: <123>"
      - "  retn [false, false, false, false, false, false, false, false, false, false, false, false, false, false, false, false, false, false, false, false, false, false, false, false, false, false, false, false, false, false, false, false, false, false, false, false, false, false, false, false, false, false, false, false, false, false, false, false, false, false, false, false, false, false, false, false, false, false, false, false, false, false, false, false, false, false, false, false, false, false, false, false, false, false, false, false, false, false, false, false, false, false, false, false, false, false, false, false, false, false, false, false, false, false, false, false, false, false, false, false, false, false, false, false, false, false, false, false, false, false, false, false, false, false, false, false, false, false, false, false, false, false, false, false, false, false, false, false]"
      - "decl f116: <124>"
      - "  retn 0"
      - "decl f117: <125>"
      - "  retn [0, 0, 0, 0, 0, 0, 0, 0, 0, 0, 0, 0, 0, 0, 0, 0]"
      - "decl f118: <126>"
      - "  retn 0"
      - "decl f119: <127>"
      - "  retn [false, false, false, false, false, false, false, false, false, false, false, false, false, false, false, false, false, false, false, false, false, false, false, false, false, false, false, false, false, false, false, false, false, false, false, false, false, false, false, false, false, false, false, false, false, false, false, false, false, false, false, false, false, false, false, false, false, false, false, false, false, false, false, false, false, false, false, false, false, false, false, false, false, false, false, false, false, false, false, false, false, false, false, false, false, false, false, false, false, false, false, false, false, false, false, false, false, false, false, false, false, false, false, false, false, false, false, false, false, false, false, false, false, false, false, false, false, false, false, false, false, false, false, false, false, false, false, false]"
      - "decl f120: <128>"
      - "  retn 0"
      - "decl f121: <129>"
      - "  retn [0, 0, 0, 0, 0, 0, 0, 0, 0, 0, 0, 0, 0, 0, 0, 0]"
      - "decl f122: <130>"
      - "  retn 0"
      - ""
    output:
      - input_file: inputs/dummy.in
        output:
          registers:
            r0:
              type: bool
              value: "false"
    initial_ast: 0347cf673e8122535e991c495bf428ce3164c4adbd108fe7da994632c4647e44
    imports_resolved_ast: 19bcc88e6d0d3e8ca514f0e4ee04867d791a97860a421dc9dbca3c3561425e44
    canonicalized_ast: 19bcc88e6d0d3e8ca514f0e4ee04867d791a97860a421dc9dbca3c3561425e44
    type_inferenced_ast: e731fa0f44a7b90beef259b0b790abe5176fefa8d80b8c6061fe54c44faa17b4
