---
namespace: Compile
expectation: Pass
outputs:
  - circuit:
      num_public_variables: 0
      num_private_variables: 163
      num_constraints: 166
      at: e2f969e491a428da7914fefa9228e607ef3fe626f45b62eae0c5ac5edffad114
      bt: 9023713ed07ce1c28f365db74e84c2d0436a61fb54a365de5a3d79837072efa1
      ct: fe4a6235b72520058f0db4ed71df4d5d1fb6e29f7a51f1c184cc48b73d3cefde
    ir:
      - "decl f0: <0>"
      - "  store &v1, ((v0), (), (), ())"
      - "  store &v3, v2"
      - "  repeat 2, &v4, false, 0, 3"
      - "    sub &v5, v3, 1"
      - "    store &v3, v5"
      - "  eq &v6, v3, 0"
      - "  retn v6"
      - ""
    output:
      - input_file: inputs/u32_3.in
        output:
          registers:
            a:
              type: bool
              value: "true"
    initial_ast: 2646f86b4f8cb47e7c500c32a1f2755f3c886ac90ef7eef78a853746648c291e
    imports_resolved_ast: d0da3b16dd44c50e2568ecef2cccb5f07707aa298c0ba2da40254c9a87c427af
    canonicalized_ast: 6e34636a8f0478da96adf48a8fac807adb165639f6eabc729adfa560e9d05b04
    type_inferenced_ast: 38a744b304708ee3864c14456c29ba0e8ab4c293ea57f2c6bbc3fa82dc2063eb
