---
namespace: Compile
expectation: Pass
outputs:
  - circuit:
      num_public_variables: 0
      num_private_variables: 113
      num_constraints: 114
      at: d322b11389067bfa3de3e1b7f1e3e564382d4ad3771bbf8657e939eed797544b
      bt: 480297d1273d42309369b4c4f27f7076720606e3582c24fabeac3afc8c3af1ea
      ct: 33c8d034b3aea9e88426996ff9c425351f065f3a48377739b7279c8f3ad84e21
    ir:
      - "decl f0: <0>"
      - "  store &v2, ((v0, v1), (), (), ())"
      - "  call &v4, f1"
      - "  tget &v5, v4, 0"
      - "  tget &v6, v4, 1"
      - "  add &v7, v3, v6"
      - "  retn (v5, v7)"
      - "decl f1: <8>"
      - "  store &v8, (1, 2)"
      - "  store &v9, 3"
      - "  retn ((1, 2), 3)"
      - ""
    output:
      - input_file: tuple.in
        output:
          registers:
            r0:
              type: "(u8, u8)"
              value: "(1, 2)"
            r1:
              type: u32
              value: "103"
    initial_ast: 8041bb495a9459c6de317883bfd24920b4f50ecf81bea1d91b95c6ac04a457ed
    imports_resolved_ast: 4f42f72827d77c2b0dc13b7e5e9be94ebc8d5f2e9e470e0705daec911a7cd6ca
    canonicalized_ast: 4f42f72827d77c2b0dc13b7e5e9be94ebc8d5f2e9e470e0705daec911a7cd6ca
    type_inferenced_ast: 57ffd14970d5921908b187222d7e92e7e41f5096044678d8fecece13d1194ad3
