---
namespace: Compile
expectation: Pass
outputs:
  - - initial_symbol_table: f42679f84a0502913466b98ad0802570b196a03efb92762dbf14ddef9343e2bb
      type_checked_symbol_table: badc647bf125be858219463ee7be65a54c641b1a351a7f0b17012263cce0ad5a
      unrolled_symbol_table: badc647bf125be858219463ee7be65a54c641b1a351a7f0b17012263cce0ad5a
      initial_ast: 3f3d81d1497c60da7ed491b07c1bbf90b07e5cf66e3add83cce20ae1cc3b735c
      unrolled_ast: 3f3d81d1497c60da7ed491b07c1bbf90b07e5cf66e3add83cce20ae1cc3b735c
      ssa_ast: a66dab3b6f8d63e1e53ee8463ef44a52a639d04df59e72b2dcb32478a3281125
      flattened_ast: b11f4c778b93b2af8414d429681f7af7cce95e978410b59779e877824fe87ae8
      inlined_ast: b11f4c778b93b2af8414d429681f7af7cce95e978410b59779e877824fe87ae8
      dce_ast: c5788dff4f691e20e1c2d605dad80eabbb7fa6b8a6077bd4bee75d7e4b20f2c1
      bytecode: 9a042a6076c83bb376f10443261e56704956030b03df62da5d5f4742ac10c74d
      warnings: ""
